[stderr] INFO:     Started server process [65306]
[stderr] INFO:     Waiting for application startup.
[stderr] INFO:     Application startup complete.
[stderr] INFO:     Uvicorn running on http://127.0.0.1:8765 (Press CTRL+C to quit)
INFO:     127.0.0.1:46102 - "GET /health HTTP/1.1" 200 OK
[stderr] INFO:     ('127.0.0.1', 46112) - "WebSocket /ws" [accepted]
[stderr] 2026-09-09 17:58:28 INFO     [codeboarding_pro.ws.server:258] WebSocket connected: session 4fa25640-0619-40a9-a064-dba1a096981d
[stderr] INFO:     connection open
[stderr] 2026-09-09 17:58:31 INFO     [tool_registry.installers:451] Installing Node.js packages: ['pyright@1.1.400', 'typescript-language-server@4.3.4', 'typescript@5.7', 'intelephense@1.16.5']
[stderr] 2026-09-09 17:58:35 INFO     [tool_registry.installers:465] Node.js packages installed successfully
[stderr] 2026-09-09 17:58:35 INFO     [tool_registry.installers:225]   tokei: already installed, skipping
[stderr] 2026-09-09 17:58:35 INFO     [tool_registry.installers:225]   gopls: already installed, skipping
[stderr] 2026-09-09 17:58:35 INFO     [tool_registry.installers:225]   rust-analyzer: already installed, skipping
[stderr] 2026-09-09 17:58:35 INFO     [tool_registry.installers:489] java already installed
[stderr] 2026-09-09 17:58:35 WARNING  [tool_registry.installers:367]   csharp-ls: dotnet not found on PATH; skipping install. Users must install it before running analysis.
[stderr] 2026-09-09 17:58:35 INFO     [static_analyzer.java_utils:125] Found Java 26 at /usr/lib/jvm/java-26-openjdk
[stderr] 2026-09-09 17:58:35 INFO     [codeboarding_pro.lsp.bootstrap:56] LSP startup attempt 1/3
[stderr] 2026-09-09 17:58:35 INFO     [codeboarding_pro.session:183] Session 4fa25640-0619-40a9-a064-dba1a096981d initialized: repo=/home/thinking/projects/new/git-github-workshop, project=git-github-workshop, output=/home/thinking/projects/new/git-github-workshop/.codeboarding
[stderr] 2026-09-09 17:58:35 INFO     [static_analyzer.engine.language_adapter:284] Found 1 Python files in /home/thinking/projects/new/git-github-workshop
[stderr] 2026-09-09 17:58:35 INFO     [static_analyzer:392] Starting engine LSP client for Python at /home/thinking/projects/new/git-github-workshop
[stderr] 2026-09-09 17:58:35 INFO     [static_analyzer:414] Python LSP start: 0.2s
[stderr] 2026-09-09 17:58:35 INFO     [codeboarding_pro.file_monitor:106] FileMonitor started for /home/thinking/projects/new/git-github-workshop
[stderr] 2026-09-09 17:58:35 INFO     [codeboarding_pro.session:202] Session 4fa25640-0619-40a9-a064-dba1a096981d: FileMonitor activated
[stderr] 2026-09-09 17:58:35 INFO     [codeboarding_pro.session:243] Session 4fa25640-0619-40a9-a064-dba1a096981d: LSP wiring complete
[stderr] 2026-09-09 17:58:35 INFO     [codeboarding_pro.lsp.bootstrap:67] LSP clients started successfully (attempt 1)
